Copyright 1986-2022 Xilinx, Inc. All Rights Reserved. Copyright 2022-2026 Advanced Micro Devices, Inc. All Rights Reserved.
--------------------------------------------------------------------------------------------------------------------------------------------------
| Tool Version : Vivado v.2026.1 (lin64) Build 6511674 Tue Jun 16 11:01:26 MDT 2026
| Date         : Thu Oct  8 20:14:59 2026
| Host         : VLSI running 64-bit Ubuntu 26.04 LTS
| Command      : report_timing_summary -file {/home/aman/Desktop/viswakarma/biothon/visiion aid/submission/design/fpga/vivado/timing_xc7z020.rpt}
| Design       : visionaid_top
| Device       : 7z020-clg400
| Speed File   : -1  PRODUCTION 1.12 2019-11-22
| Design State : Routed
--------------------------------------------------------------------------------------------------------------------------------------------------

Timing Summary Report

------------------------------------------------------------------------------------------------
| Timer Settings
| --------------
------------------------------------------------------------------------------------------------

  Enable Multi Corner Analysis               :  Yes
  Enable Pessimism Removal                   :  Yes
  Pessimism Removal Resolution               :  Nearest Common Node
  Enable Input Delay Default Clock           :  No
  Enable Preset / Clear Arcs                 :  No
  Disable Flight Delays                      :  No
  Ignore I/O Paths                           :  No
  Timing Early Launch at Borrowing Latches   :  No
  Borrow Time for Max Delay Exceptions       :  Yes
  Merge Timing Exceptions                    :  Yes
  Inter-SLR Compensation                     :  Conservative

  Corner  Analyze    Analyze    
  Name    Max Paths  Min Paths  
  ------  ---------  ---------  
  Slow    Yes        Yes        
  Fast    Yes        Yes        


------------------------------------------------------------------------------------------------
| Report Methodology
| ------------------
------------------------------------------------------------------------------------------------

No report available as report_methodology has not been run prior. Run report_methodology on the current design for the summary of methodology violations.



check_timing report

Table of Contents
-----------------
1. checking no_clock (0)
2. checking constant_clock (0)
3. checking pulse_width_clock (0)
4. checking unconstrained_internal_endpoints (0)
5. checking no_input_delay (10)
6. checking no_output_delay (14)
7. checking multiple_clock (0)
8. checking generated_clocks (0)
9. checking loops (0)
10. checking partial_input_delay (0)
11. checking partial_output_delay (0)
12. checking latch_loops (0)

1. checking no_clock (0)
------------------------
 There are 0 register/latch pins with no clock.


2. checking constant_clock (0)
------------------------------
 There are 0 register/latch pins with constant_clock.


3. checking pulse_width_clock (0)
---------------------------------
 There are 0 register/latch pins which need pulse_width check


4. checking unconstrained_internal_endpoints (0)
------------------------------------------------
 There are 0 pins that are not constrained for maximum delay.

 There are 0 pins that are not constrained for maximum delay due to constant clock.


5. checking no_input_delay (10)
-------------------------------
 There are 10 input ports with no input delay specified. (HIGH)

 There are 0 input ports with no input delay but user has a false path constraint.


6. checking no_output_delay (14)
--------------------------------
 There are 14 ports with no output delay specified. (HIGH)

 There are 0 ports with no output delay but user has a false path constraint

 There are 0 ports with no output delay but with a timing clock defined on it or propagating through it


7. checking multiple_clock (0)
------------------------------
 There are 0 register/latch pins with multiple clocks.


8. checking generated_clocks (0)
--------------------------------
 There are 0 generated clocks that are not connected to a clock source.


9. checking loops (0)
---------------------
 There are 0 combinational loops in the design.


10. checking partial_input_delay (0)
------------------------------------
 There are 0 input ports with partial input delay specified.


11. checking partial_output_delay (0)
-------------------------------------
 There are 0 ports with partial output delay specified.


12. checking latch_loops (0)
----------------------------
 There are 0 combinational latch loops in the design through latch input



------------------------------------------------------------------------------------------------
| Design Timing Summary
| ---------------------
------------------------------------------------------------------------------------------------

    WNS(ns)      TNS(ns)  TNS Failing Endpoints  TNS Total Endpoints      WHS(ns)      THS(ns)  THS Failing Endpoints  THS Total Endpoints     WPWS(ns)     TPWS(ns)  TPWS Failing Endpoints  TPWS Total Endpoints  
    -------      -------  ---------------------  -------------------      -------      -------  ---------------------  -------------------     --------     --------  ----------------------  --------------------  
     30.229        0.000                      0                 1457        0.122        0.000                      0                 1457       17.538        0.000                       0                   581  


All user specified timing constraints are met.


------------------------------------------------------------------------------------------------
| Clock Summary
| -------------
------------------------------------------------------------------------------------------------

Clock  Waveform(ns)       Period(ns)      Frequency(MHz)
-----  ------------       ----------      --------------
clk    {0.000 18.518}     37.037          27.000          


------------------------------------------------------------------------------------------------
| Intra Clock Table
| -----------------
------------------------------------------------------------------------------------------------

Clock             WNS(ns)      TNS(ns)  TNS Failing Endpoints  TNS Total Endpoints      WHS(ns)      THS(ns)  THS Failing Endpoints  THS Total Endpoints     WPWS(ns)     TPWS(ns)  TPWS Failing Endpoints  TPWS Total Endpoints  
-----             -------      -------  ---------------------  -------------------      -------      -------  ---------------------  -------------------     --------     --------  ----------------------  --------------------  
clk                30.229        0.000                      0                 1457        0.122        0.000                      0                 1457       17.538        0.000                       0                   581  


------------------------------------------------------------------------------------------------
| Inter Clock Table
| -----------------
------------------------------------------------------------------------------------------------

From Clock    To Clock          WNS(ns)      TNS(ns)  TNS Failing Endpoints  TNS Total Endpoints      WHS(ns)      THS(ns)  THS Failing Endpoints  THS Total Endpoints  
----------    --------          -------      -------  ---------------------  -------------------      -------      -------  ---------------------  -------------------  


------------------------------------------------------------------------------------------------
| Other Path Groups Table
| -----------------------
------------------------------------------------------------------------------------------------

Path Group    From Clock    To Clock          WNS(ns)      TNS(ns)  TNS Failing Endpoints  TNS Total Endpoints      WHS(ns)      THS(ns)  THS Failing Endpoints  THS Total Endpoints  
----------    ----------    --------          -------      -------  ---------------------  -------------------      -------      -------  ---------------------  -------------------  


------------------------------------------------------------------------------------------------
| Timing Details
| --------------
------------------------------------------------------------------------------------------------


---------------------------------------------------------------------------------------------------
From Clock:  clk
  To Clock:  clk

Setup :            0  Failing Endpoints,  Worst Slack       30.229ns,  Total Violation        0.000ns
Hold  :            0  Failing Endpoints,  Worst Slack        0.122ns,  Total Violation        0.000ns
PW    :            0  Failing Endpoints,  Worst Slack       17.538ns,  Total Violation        0.000ns
---------------------------------------------------------------------------------------------------


Max Delay Paths
--------------------------------------------------------------------------------------
Slack (MET) :             30.229ns  (required time - arrival time)
  Source:                 pl/ca_reg[2]/C
                            (rising edge-triggered cell FDRE clocked by clk  {rise@0.000ns fall@18.518ns period=37.037ns})
  Destination:            pl/th_warn_reg[11]/CE
                            (rising edge-triggered cell FDRE clocked by clk  {rise@0.000ns fall@18.518ns period=37.037ns})
  Path Group:             clk
  Path Type:              Setup (Max at Slow Process Corner)
  Requirement:            37.037ns  (clk rise@37.037ns - clk rise@0.000ns)
  Data Path Delay:        6.555ns  (logic 2.108ns (32.161%)  route 4.447ns (67.839%))
  Logic Levels:           7  (CARRY4=2 LUT3=1 LUT4=1 LUT6=3)
  Clock Path Skew:        -0.049ns (DCD - SCD + CPR)
    Destination Clock Delay (DCD):    0.924ns = ( 37.961 - 37.037 ) 
    Source Clock Delay      (SCD):    0.973ns
    Clock Pessimism Removal (CPR):    0.000ns
  Clock Uncertainty:      0.035ns  ((TSJ^2 + TIJ^2)^1/2 + DJ) / 2 + PE
    Total System Jitter     (TSJ):    0.071ns
    Total Input Jitter      (TIJ):    0.000ns
    Discrete Jitter          (DJ):    0.000ns
    Phase Error              (PE):    0.000ns

    Location             Delay type                Incr(ns)  Path(ns)    Netlist Resource(s)
  -------------------------------------------------------------------    -------------------
                         (clock clk rise edge)        0.000     0.000 r  <hidden>
                                                      0.000     0.000 r  clk
                         net (fo=581, unset)          0.973     0.973    pl/clk
    SLICE_X27Y46         FDRE                                         r  pl/ca_reg[2]/C
  -------------------------------------------------------------------    -------------------
    SLICE_X27Y46         FDRE (Prop_fdre_C_Q)         0.456     1.429 r  pl/ca_reg[2]/Q
                         net (fo=7, routed)           0.965     2.394    pl/ca_reg_n_0_[2]
    SLICE_X29Y45         LUT3 (Prop_lut3_I1_O)        0.154     2.548 r  pl/th_urgent2__0_carry_i_1/O
                         net (fo=2, routed)           0.586     3.135    pl/th_urgent2__0_carry_i_1_n_0
    SLICE_X29Y45         LUT4 (Prop_lut4_I3_O)        0.327     3.462 r  pl/th_urgent2__0_carry_i_4/O
                         net (fo=1, routed)           0.000     3.462    pl/th_urgent2__0_carry_i_4_n_0
    SLICE_X29Y45         CARRY4 (Prop_carry4_S[3]_CO[3])
                                                      0.401     3.863 r  pl/th_urgent2__0_carry/CO[3]
                         net (fo=1, routed)           0.000     3.863    pl/th_urgent2__0_carry_n_0
    SLICE_X29Y46         CARRY4 (Prop_carry4_CI_O[0])
                                                      0.223     4.086 r  pl/th_urgent2__0_carry__0/O[0]
                         net (fo=1, routed)           0.671     4.757    pl/urx/th_urgent2__21[4]
    SLICE_X28Y46         LUT6 (Prop_lut6_I3_O)        0.299     5.056 f  pl/urx/th_urgent[15]_i_6/O
                         net (fo=2, routed)           0.313     5.369    pl/urx/th_urgent[15]_i_6_n_0
    SLICE_X30Y46         LUT6 (Prop_lut6_I5_O)        0.124     5.493 r  pl/urx/th_urgent[15]_i_3/O
                         net (fo=4, routed)           0.529     6.022    pl/urx/th_urgent[15]_i_3_n_0
    SLICE_X31Y46         LUT6 (Prop_lut6_I2_O)        0.124     6.146 r  pl/urx/th_warn[15]_i_1/O
                         net (fo=16, routed)          1.382     7.528    pl/urx_n_3
    SLICE_X36Y48         FDRE                                         r  pl/th_warn_reg[11]/CE
  -------------------------------------------------------------------    -------------------

                         (clock clk rise edge)       37.037    37.037 r  <hidden>
                                                      0.000    37.037 r  clk
                         net (fo=581, unset)          0.924    37.961    pl/clk
    SLICE_X36Y48         FDRE                                         r  pl/th_warn_reg[11]/C
                         clock pessimism              0.000    37.961    <hidden>
                         clock uncertainty           -0.035    37.926    <hidden>
    SLICE_X36Y48         FDRE (Setup_fdre_C_CE)      -0.169    37.757    pl/th_warn_reg[11]
  -------------------------------------------------------------------
                         required time                         37.757    <hidden>
                         arrival time                          -7.528    <hidden>
  -------------------------------------------------------------------
                         slack                                 30.229    <hidden>





Min Delay Paths
--------------------------------------------------------------------------------------
Slack (MET) :             0.122ns  (arrival time - required time)
  Source:                 pl/urx/sh_reg[0]/C
                            (rising edge-triggered cell FDRE clocked by clk  {rise@0.000ns fall@18.518ns period=37.037ns})
  Destination:            pl/urx/data_reg[0]/D
                            (rising edge-triggered cell FDRE clocked by clk  {rise@0.000ns fall@18.518ns period=37.037ns})
  Path Group:             clk
  Path Type:              Hold (Min at Fast Process Corner)
  Requirement:            0.000ns  (clk rise@0.000ns - clk rise@0.000ns)
  Data Path Delay:        0.228ns  (logic 0.141ns (61.814%)  route 0.087ns (38.186%))
  Logic Levels:           0  
  Clock Path Skew:        0.022ns (DCD - SCD - CPR)
    Destination Clock Delay (DCD):    0.432ns
    Source Clock Delay      (SCD):    0.410ns
    Clock Pessimism Removal (CPR):    -0.000ns

    Location             Delay type                Incr(ns)  Path(ns)    Netlist Resource(s)
  -------------------------------------------------------------------    -------------------
                         (clock clk rise edge)        0.000     0.000 r  <hidden>
                                                      0.000     0.000 r  clk
                         net (fo=581, unset)          0.410     0.410    pl/urx/clk
    SLICE_X31Y45         FDRE                                         r  pl/urx/sh_reg[0]/C
  -------------------------------------------------------------------    -------------------
    SLICE_X31Y45         FDRE (Prop_fdre_C_Q)         0.141     0.551 r  pl/urx/sh_reg[0]/Q
                         net (fo=1, routed)           0.087     0.638    pl/urx/sh[0]
    SLICE_X30Y45         FDRE                                         r  pl/urx/data_reg[0]/D
  -------------------------------------------------------------------    -------------------

                         (clock clk rise edge)        0.000     0.000 r  <hidden>
                                                      0.000     0.000 r  clk
                         net (fo=581, unset)          0.432     0.432    pl/urx/clk
    SLICE_X30Y45         FDRE                                         r  pl/urx/data_reg[0]/C
                         clock pessimism              0.000     0.432    <hidden>
    SLICE_X30Y45         FDRE (Hold_fdre_C_D)         0.085     0.517    pl/urx/data_reg[0]
  -------------------------------------------------------------------
                         required time                         -0.517    <hidden>
                         arrival time                           0.638    <hidden>
  -------------------------------------------------------------------
                         slack                                  0.122    <hidden>





Pulse Width Checks
--------------------------------------------------------------------------------------
Clock Name:         clk
Waveform(ns):       { 0.000 18.518 }
Period(ns):         37.037
Sources:            { clk }

Check Type        Corner  Lib Pin     Reference Pin  Required(ns)  Actual(ns)  Slack(ns)  Location      Pin
Min Period        n/a     FDRE/C      n/a            1.000         37.037      36.037     SLICE_X50Y47  FDRE/C
Low Pulse Width   Slow    SRL16E/CLK  n/a            0.980         18.518      17.538     SLICE_X50Y47  rst_sh_reg[2]_srl3/CLK
High Pulse Width  Slow    SRL16E/CLK  n/a            0.980         18.518      17.538     SLICE_X50Y47  rst_sh_reg[2]_srl3/CLK



