Info: Using uarch 'gowin' for device 'GW1NR-LV9QN88PC6/I5'

Info: Cell O_psram_ck[0] not found
Info: Cell O_psram_ck[1] not found
Info: Cell O_psram_ck_n[0] not found
Info: Cell O_psram_ck_n[1] not found
Info: Cell O_psram_cs_n[0] not found
Info: Cell O_psram_cs_n[1] not found
Info: Cell O_psram_reset_n[0] not found
Info: Cell O_psram_reset_n[1] not found
Info: Cell IO_psram_dq[0] not found
Info: Cell IO_psram_dq[1] not found
Info: Cell IO_psram_dq[2] not found
Info: Cell IO_psram_dq[3] not found
Info: Cell IO_psram_dq[4] not found
Info: Cell IO_psram_dq[5] not found
Info: Cell IO_psram_dq[6] not found
Info: Cell IO_psram_dq[7] not found
Info: Cell IO_psram_dq[8] not found
Info: Cell IO_psram_dq[9] not found
Info: Cell IO_psram_dq[10] not found
Info: Cell IO_psram_dq[11] not found
Info: Cell IO_psram_dq[12] not found
Info: Cell IO_psram_dq[13] not found
Info: Cell IO_psram_dq[14] not found
Info: Cell IO_psram_dq[15] not found
Info: Cell IO_psram_rwds[0] not found
Info: Cell IO_psram_rwds[1] not found
Info: Reading constraints...
Info: Create constant nets...
Info: Modify LUTs...
Info: Pack IOBs...
Info: Pack I3C IOs...
Info: Pack MIPI IOs...
Info: Pack diff IOBs...
Info: Pack FFs into IO cells...
Info: Pack IODELAY...
Info: Pack Input Edge Monitors...
Info: Pack IO logic...
Info: Pack DESER16 logic...
Info: Pack GSR...
Info: Pack HCLK cells...
Info: Pack DLLDLYs...
Info: Pack wide LUTs...
Info: Packed MUX2_LUT8:11, MUX2_LU7:30, MUX2_LUT6:23, MUX2_LUT5:147
Info: Pack ALUs...
Info: Pack SSRAMs...
Info: Constrained 249 LUTFF pairs.
Info: Pack PLL...
Info: Pack BSRAMs...
Info: Pack DSP...
Info: Pack INV...
Info: Pack buffered nets...
Info: Pack EMCU and UserFlash cells...
Info: Pack UserFlash cells...
Info: Pack DQCE cells...
Info: Pack DCS cells...
Info: Checksum: 0x2795ef12

Info: Device utilisation:
Info: 	                 VCC:       1/      1   100%
Info: 	                 IOB:      26/    276     9%
Info: 	                LUT4:    1512/   8640    17%
Info: 	              OSER16:       0/     80     0%
Info: 	              IDES16:       0/     80     0%
Info: 	            IOLOGICI:       0/    276     0%
Info: 	            IOLOGICO:       0/    276     0%
Info: 	           MUX2_LUT5:     401/   4320     9%
Info: 	           MUX2_LUT6:     127/   2160     5%
Info: 	           MUX2_LUT7:      52/   1080     4%
Info: 	           MUX2_LUT8:      11/   1080     1%
Info: 	                 ALU:     914/   6480    14%
Info: 	                 GND:       1/      1   100%
Info: 	                 DFF:     568/   6480     8%
Info: 	           RAM16SDP4:       8/    270     2%
Info: 	               BSRAM:       0/     26     0%
Info: 	              ALU54D:       0/     10     0%
Info: 	     MULTADDALU18X18:       0/     10     0%
Info: 	        MULTALU18X18:       0/     10     0%
Info: 	        MULTALU36X18:       0/     10     0%
Info: 	           MULT36X36:       0/      5     0%
Info: 	           MULT18X18:       0/     20     0%
Info: 	             MULT9X9:       0/     40     0%
Info: 	              PADD18:       0/     20     0%
Info: 	               PADD9:       0/     40     0%
Info: 	                 GSR:       1/      1   100%
Info: 	                 OSC:       0/      1     0%
Info: 	                rPLL:       0/      2     0%
Info: 	           FLASH608K:       0/      1     0%
Info: 	                BUFG:       0/     22     0%
Info: 	                DQCE:       0/     24     0%
Info: 	                 DCS:       0/      8     0%
Info: 	               DHCEN:       0/     24     0%
Info: 	              CLKDIV:       0/      8     0%
Info: 	             CLKDIV2:       0/     16     0%
Info: 	           MIPI_IBUF:       0/     22     0%
Info: 	           MIPI_OBUF:       0/     20     0%

Info: Running custom HCLK placer...
Info: Placed 0 cells based on constraints.
Info: Creating initial analytic placement for 1289 cells, random placement wirelen = 57164.
Info:     at initial placer iter 0, wirelen = 1653
Info:     at initial placer iter 1, wirelen = 1464
Info:     at initial placer iter 2, wirelen = 1347
Info:     at initial placer iter 3, wirelen = 1554
Info: Running main analytical placer, max placement attempts per cell = 1639860.
Info:     at iteration #1, type ALU: wirelen solved = 1717, spread = 6824, legal = 6928; time = 0.02s
Info:     at iteration #1, type GSR: wirelen solved = 6928, spread = 6928, legal = 6947; time = 0.01s
Info:     at iteration #1, type LUT4: wirelen solved = 6361, spread = 10849, legal = 11227; time = 0.02s
Info:     at iteration #1, type MUX2_LUT5: wirelen solved = 10694, spread = 11082, legal = 13406; time = 0.04s
Info:     at iteration #1, type DFF: wirelen solved = 11893, spread = 12109, legal = 13837; time = 0.07s
Info:     at iteration #1, type MUX2_LUT7: wirelen solved = 13773, spread = 13900, legal = 14965; time = 0.02s
Info:     at iteration #1, type MUX2_LUT8: wirelen solved = 14899, spread = 14897, legal = 15197; time = 0.02s
Info:     at iteration #1, type MUX2_LUT6: wirelen solved = 15128, spread = 15128, legal = 15507; time = 0.02s
Info:     at iteration #1, type RAM16SDP4: wirelen solved = 15382, spread = 15415, legal = 15790; time = 0.01s
Info:     at iteration #1, type GND: wirelen solved = 15790, spread = 15790, legal = 15797; time = 0.01s
Info:     at iteration #1, type VCC: wirelen solved = 15797, spread = 15797, legal = 15797; time = 0.01s
Info:     at iteration #1, type ALL: wirelen solved = 1590, spread = 11301, legal = 19654; time = 0.27s
Info:     at iteration #2, type ALU: wirelen solved = 17168, spread = 18099, legal = 19631; time = 0.04s
Info:     at iteration #2, type GSR: wirelen solved = 19631, spread = 19631, legal = 19631; time = 0.01s
Info:     at iteration #2, type LUT4: wirelen solved = 14322, spread = 15622, legal = 16776; time = 0.03s
Info:     at iteration #2, type MUX2_LUT5: wirelen solved = 15170, spread = 15211, legal = 15427; time = 0.02s
Info:     at iteration #2, type DFF: wirelen solved = 12933, spread = 13037, legal = 13837; time = 0.04s
Info:     at iteration #2, type MUX2_LUT7: wirelen solved = 13463, spread = 13499, legal = 13786; time = 0.02s
Info:     at iteration #2, type MUX2_LUT8: wirelen solved = 13701, spread = 13701, legal = 13773; time = 0.01s
Info:     at iteration #2, type MUX2_LUT6: wirelen solved = 13720, spread = 13727, legal = 13786; time = 0.01s
Info:     at iteration #2, type RAM16SDP4: wirelen solved = 13475, spread = 13464, legal = 13736; time = 0.01s
Info:     at iteration #2, type GND: wirelen solved = 13730, spread = 13730, legal = 13736; time = 0.01s
Info:     at iteration #2, type VCC: wirelen solved = 13736, spread = 13736, legal = 13736; time = 0.01s
Info:     at iteration #2, type ALL: wirelen solved = 2272, spread = 11723, legal = 16444; time = 0.13s
Info:     at iteration #3, type ALU: wirelen solved = 14541, spread = 16008, legal = 16716; time = 0.04s
Info:     at iteration #3, type GSR: wirelen solved = 16716, spread = 16716, legal = 16716; time = 0.01s
Info:     at iteration #3, type LUT4: wirelen solved = 12841, spread = 13579, legal = 14977; time = 0.03s
Info:     at iteration #3, type MUX2_LUT5: wirelen solved = 14223, spread = 14261, legal = 14630; time = 0.02s
Info:     at iteration #3, type DFF: wirelen solved = 12173, spread = 12326, legal = 13118; time = 0.04s
Info:     at iteration #3, type MUX2_LUT7: wirelen solved = 12915, spread = 12960, legal = 13211; time = 0.02s
Info:     at iteration #3, type MUX2_LUT8: wirelen solved = 13162, spread = 13164, legal = 13204; time = 0.02s
Info:     at iteration #3, type MUX2_LUT6: wirelen solved = 13069, spread = 13077, legal = 13185; time = 0.01s
Info:     at iteration #3, type RAM16SDP4: wirelen solved = 12855, spread = 12884, legal = 13043; time = 0.01s
Info:     at iteration #3, type GND: wirelen solved = 13038, spread = 13038, legal = 13043; time = 0.01s
Info:     at iteration #3, type VCC: wirelen solved = 13043, spread = 13043, legal = 13043; time = 0.01s
Info:     at iteration #3, type ALL: wirelen solved = 2653, spread = 9142, legal = 14391; time = 0.14s
Info:     at iteration #4, type ALU: wirelen solved = 12827, spread = 13591, legal = 14881; time = 0.04s
Info:     at iteration #4, type GSR: wirelen solved = 14881, spread = 14881, legal = 14881; time = 0.01s
Info:     at iteration #4, type LUT4: wirelen solved = 11363, spread = 13760, legal = 14707; time = 0.03s
Info:     at iteration #4, type MUX2_LUT5: wirelen solved = 13767, spread = 13998, legal = 14140; time = 0.02s
Info:     at iteration #4, type DFF: wirelen solved = 12158, spread = 12235, legal = 13000; time = 0.04s
Info:     at iteration #4, type MUX2_LUT7: wirelen solved = 12880, spread = 12937, legal = 13150; time = 0.02s
Info:     at iteration #4, type MUX2_LUT8: wirelen solved = 13093, spread = 13095, legal = 13244; time = 0.01s
Info:     at iteration #4, type MUX2_LUT6: wirelen solved = 13043, spread = 13049, legal = 13205; time = 0.01s
Info:     at iteration #4, type RAM16SDP4: wirelen solved = 12983, spread = 13036, legal = 13264; time = 0.01s
Info:     at iteration #4, type GND: wirelen solved = 13260, spread = 13260, legal = 13264; time = 0.01s
Info:     at iteration #4, type VCC: wirelen solved = 13264, spread = 13264, legal = 13264; time = 0.01s
Info:     at iteration #4, type ALL: wirelen solved = 3403, spread = 9414, legal = 14146; time = 0.13s
Info:     at iteration #5, type ALU: wirelen solved = 12935, spread = 13726, legal = 14983; time = 0.04s
Info:     at iteration #5, type GSR: wirelen solved = 14983, spread = 14983, legal = 14983; time = 0.01s
Info:     at iteration #5, type LUT4: wirelen solved = 11468, spread = 13176, legal = 14277; time = 0.03s
Info:     at iteration #5, type MUX2_LUT5: wirelen solved = 13405, spread = 13482, legal = 13677; time = 0.02s
Info:     at iteration #5, type DFF: wirelen solved = 11969, spread = 12032, legal = 12769; time = 0.03s
Info:     at iteration #5, type MUX2_LUT7: wirelen solved = 12593, spread = 12625, legal = 12753; time = 0.02s
Info:     at iteration #5, type MUX2_LUT8: wirelen solved = 12725, spread = 12726, legal = 12846; time = 0.01s
Info:     at iteration #5, type MUX2_LUT6: wirelen solved = 12689, spread = 12702, legal = 12815; time = 0.01s
Info:     at iteration #5, type RAM16SDP4: wirelen solved = 12487, spread = 12498, legal = 12706; time = 0.01s
Info:     at iteration #5, type GND: wirelen solved = 12703, spread = 12703, legal = 12706; time = 0.01s
Info:     at iteration #5, type VCC: wirelen solved = 12706, spread = 12706, legal = 12706; time = 0.01s
Info:     at iteration #5, type ALL: wirelen solved = 3662, spread = 9757, legal = 12971; time = 0.09s
Info:     at iteration #6, type ALU: wirelen solved = 11715, spread = 12326, legal = 13875; time = 0.06s
Info:     at iteration #6, type GSR: wirelen solved = 13875, spread = 13875, legal = 13875; time = 0.01s
Info:     at iteration #6, type LUT4: wirelen solved = 11070, spread = 12551, legal = 13622; time = 0.03s
Info:     at iteration #6, type MUX2_LUT5: wirelen solved = 12788, spread = 12911, legal = 13245; time = 0.02s
Info:     at iteration #6, type DFF: wirelen solved = 11842, spread = 11914, legal = 12714; time = 0.04s
Info:     at iteration #6, type MUX2_LUT7: wirelen solved = 12622, spread = 12676, legal = 12776; time = 0.02s
Info:     at iteration #6, type MUX2_LUT8: wirelen solved = 12717, spread = 12720, legal = 12901; time = 0.01s
Info:     at iteration #6, type MUX2_LUT6: wirelen solved = 12775, spread = 12782, legal = 12844; time = 0.01s
Info:     at iteration #6, type RAM16SDP4: wirelen solved = 12447, spread = 12506, legal = 12764; time = 0.01s
Info:     at iteration #6, type GND: wirelen solved = 12762, spread = 12762, legal = 12764; time = 0.01s
Info:     at iteration #6, type VCC: wirelen solved = 12764, spread = 12764, legal = 12764; time = 0.01s
Info:     at iteration #6, type ALL: wirelen solved = 3977, spread = 9433, legal = 14716; time = 0.12s
Info:     at iteration #7, type ALU: wirelen solved = 12668, spread = 13348, legal = 15032; time = 0.05s
Info:     at iteration #7, type GSR: wirelen solved = 15032, spread = 15032, legal = 15032; time = 0.01s
Info:     at iteration #7, type LUT4: wirelen solved = 11310, spread = 12124, legal = 14103; time = 0.06s
Info:     at iteration #7, type MUX2_LUT5: wirelen solved = 13209, spread = 13458, legal = 13815; time = 0.02s
Info:     at iteration #7, type DFF: wirelen solved = 12596, spread = 12662, legal = 13418; time = 0.04s
Info:     at iteration #7, type MUX2_LUT7: wirelen solved = 13283, spread = 13321, legal = 13506; time = 0.02s
Info:     at iteration #7, type MUX2_LUT8: wirelen solved = 13451, spread = 13462, legal = 13629; time = 0.01s
Info:     at iteration #7, type MUX2_LUT6: wirelen solved = 13547, spread = 13564, legal = 13677; time = 0.02s
Info:     at iteration #7, type RAM16SDP4: wirelen solved = 13464, spread = 13520, legal = 13730; time = 0.01s
Info:     at iteration #7, type GND: wirelen solved = 13728, spread = 13728, legal = 13730; time = 0.01s
Info:     at iteration #7, type VCC: wirelen solved = 13730, spread = 13730, legal = 13730; time = 0.01s
Info:     at iteration #7, type ALL: wirelen solved = 4106, spread = 9710, legal = 13893; time = 0.37s
Info:     at iteration #8, type ALU: wirelen solved = 12717, spread = 13309, legal = 14542; time = 0.05s
Info:     at iteration #8, type GSR: wirelen solved = 14542, spread = 14542, legal = 14542; time = 0.01s
Info:     at iteration #8, type LUT4: wirelen solved = 11654, spread = 12262, legal = 13713; time = 0.04s
Info:     at iteration #8, type MUX2_LUT5: wirelen solved = 13011, spread = 13139, legal = 13369; time = 0.02s
Info:     at iteration #8, type DFF: wirelen solved = 11528, spread = 11636, legal = 12521; time = 0.04s
Info:     at iteration #8, type MUX2_LUT7: wirelen solved = 12335, spread = 12389, legal = 12504; time = 0.02s
Info:     at iteration #8, type MUX2_LUT8: wirelen solved = 12486, spread = 12488, legal = 12703; time = 0.02s
Info:     at iteration #8, type MUX2_LUT6: wirelen solved = 12647, spread = 12660, legal = 12759; time = 0.01s
Info:     at iteration #8, type RAM16SDP4: wirelen solved = 12646, spread = 12722, legal = 12836; time = 0.01s
Info:     at iteration #8, type GND: wirelen solved = 12834, spread = 12834, legal = 12836; time = 0.01s
Info:     at iteration #8, type VCC: wirelen solved = 12836, spread = 12836, legal = 12836; time = 0.01s
Info:     at iteration #8, type ALL: wirelen solved = 4528, spread = 8321, legal = 13884; time = 0.17s
Info:     at iteration #9, type ALU: wirelen solved = 12667, spread = 13428, legal = 14517; time = 0.04s
Info:     at iteration #9, type GSR: wirelen solved = 14517, spread = 14517, legal = 14517; time = 0.01s
Info:     at iteration #9, type LUT4: wirelen solved = 10961, spread = 11728, legal = 13496; time = 0.04s
Info:     at iteration #9, type MUX2_LUT5: wirelen solved = 12879, spread = 13019, legal = 13450; time = 0.02s
Info:     at iteration #9, type DFF: wirelen solved = 11954, spread = 12009, legal = 13049; time = 0.05s
Info:     at iteration #9, type MUX2_LUT7: wirelen solved = 12924, spread = 12976, legal = 13059; time = 0.02s
Info:     at iteration #9, type MUX2_LUT8: wirelen solved = 13044, spread = 13043, legal = 13224; time = 0.02s
Info:     at iteration #9, type MUX2_LUT6: wirelen solved = 13090, spread = 13109, legal = 13236; time = 0.02s
Info:     at iteration #9, type RAM16SDP4: wirelen solved = 13123, spread = 13176, legal = 13234; time = 0.01s
Info:     at iteration #9, type GND: wirelen solved = 13232, spread = 13232, legal = 13234; time = 0.01s
Info:     at iteration #9, type VCC: wirelen solved = 13234, spread = 13234, legal = 13234; time = 0.01s
Info:     at iteration #9, type ALL: wirelen solved = 4609, spread = 9211, legal = 14671; time = 0.18s
Info:     at iteration #10, type ALU: wirelen solved = 13495, spread = 14194, legal = 15089; time = 0.04s
Info:     at iteration #10, type GSR: wirelen solved = 15089, spread = 15089, legal = 15089; time = 0.01s
Info:     at iteration #10, type LUT4: wirelen solved = 11095, spread = 12161, legal = 14066; time = 0.06s
Info:     at iteration #10, type MUX2_LUT5: wirelen solved = 12911, spread = 13148, legal = 13886; time = 0.03s
Info:     at iteration #10, type DFF: wirelen solved = 12439, spread = 12504, legal = 13564; time = 0.04s
Info:     at iteration #10, type MUX2_LUT7: wirelen solved = 13405, spread = 13447, legal = 13689; time = 0.02s
Info:     at iteration #10, type MUX2_LUT8: wirelen solved = 13676, spread = 13677, legal = 13758; time = 0.01s
Info:     at iteration #10, type MUX2_LUT6: wirelen solved = 13625, spread = 13625, legal = 13740; time = 0.01s
Info:     at iteration #10, type RAM16SDP4: wirelen solved = 13640, spread = 13686, legal = 13760; time = 0.01s
Info:     at iteration #10, type GND: wirelen solved = 13759, spread = 13759, legal = 13760; time = 0.01s
Info:     at iteration #10, type VCC: wirelen solved = 13760, spread = 13760, legal = 13760; time = 0.01s
Info:     at iteration #10, type ALL: wirelen solved = 4998, spread = 9537, legal = 14396; time = 0.14s
Info: HeAP Placer Time: 4.42s
Info:   of which solving equations: 1.86s
Info:   of which spreading cells: 0.09s
Info:   of which strict legalisation: 2.24s

Info: Running simulated annealing placer for refinement.
Info:   at iteration #1: temp = 0.000000, timing cost = 77, wirelen = 12971
Info:   at iteration #5: temp = 0.000000, timing cost = 33, wirelen = 9727
Info:   at iteration #10: temp = 0.000000, timing cost = 32, wirelen = 8909
Info:   at iteration #15: temp = 0.000000, timing cost = 28, wirelen = 8585
Info:   at iteration #20: temp = 0.000000, timing cost = 26, wirelen = 8344
Info:   at iteration #25: temp = 0.000000, timing cost = 26, wirelen = 8247
Info:   at iteration #30: temp = 0.000000, timing cost = 26, wirelen = 8202
Info:   at iteration #34: temp = 0.000000, timing cost = 26, wirelen = 8175 
Info: SA placement time 2.98s

Info: Max frequency for clock 'db_m.clk': 92.54 MHz (PASS at 27.00 MHz)

Info: Slack histogram:
Info:  legend: * represents 2 endpoint(s)
Info:          + represents [1,2) endpoint(s)
Info: [ 26231,  26747) |**+
Info: [ 26747,  27263) |+
Info: [ 27263,  27779) |*+
Info: [ 27779,  28295) | 
Info: [ 28295,  28811) |*+
Info: [ 28811,  29327) |***+
Info: [ 29327,  29843) |********+
Info: [ 29843,  30359) |******+
Info: [ 30359,  30875) |*+
Info: [ 30875,  31391) |**********+
Info: [ 31391,  31907) |*********+
Info: [ 31907,  32423) |*************************+
Info: [ 32423,  32939) |*************************+
Info: [ 32939,  33455) |************************+
Info: [ 33455,  33971) |************************************************************ 
Info: [ 33971,  34487) |*********************************+
Info: [ 34487,  35003) |*********************************+
Info: [ 35003,  35519) |**************************+
Info: [ 35519,  36035) |************************************************+
Info: [ 36035,  36551) |********************************************************+
Info: Checksum: 0x883c67ab
Info: Routing globals...
Info:     'db_m.clk' net was routed using global resources only.
Info:     'lid.age_ms_DFFR_Q_3_D_LUT4_F_I1[3]' is routed using segments.
Info:     'pl.quiet_DFFRE_Q_CE_LUT4_F_I3_LUT2_I1_I0_LUT4_F_I3_LUT2_I1_F_MUX2_LUT5_S0_O' is routed using segments.
Info:     'quiet_btn_LUT2_I1_F[2]' is routed using segments.
Info:     'zr[1]' is routed using segments.
Info:     'us.dist2_DFFSE_Q_14_D_LUT2_F_I1_ALU_SUM_CIN_ALU_COUT_CIN_ALU_COUT_CIN_ALU_COUT_CIN_ALU_COUT_CIN_ALU_COUT_CIN_ALU_COUT_CIN_ALU_COUT_CIN_ALU_COUT_I1_LUT3_F_I2_MUX2_LUT5_O_S0[0]' is routed using segments.
Info:     'pl.th_info_DFFSE_Q_D_LUT2_F_I1' is routed using segments.
Info:     'th_i[1]' is routed using segments.
Info:     'zr[0]' is routed using segments.
Info:     'zh[1]' is routed using segments.
Info:     'us.dist2_DFFSE_Q_14_D_LUT2_F_I1_ALU_SUM_CIN_ALU_COUT_CIN_ALU_COUT_CIN_ALU_COUT_CIN_ALU_COUT_CIN_ALU_COUT_CIN_ALU_COUT_CIN_ALU_COUT_CIN_ALU_COUT_I1_LUT3_F_I2_MUX2_LUT5_O_S0_MUX2_LUT5_O_I1_LUT4_F_I3_MUX2_LUT5_S0_O_MUX2_LUT6_I1_O_LUT2_F_I1[2]' is routed using segments.
Info:     'us.dist2_DFFSE_Q_14_D_LUT2_F_I1_ALU_SUM_CIN_ALU_COUT_CIN_ALU_COUT_CIN_ALU_COUT_CIN_ALU_COUT_CIN_ALU_COUT_CIN_ALU_COUT_CIN_ALU_COUT_CIN_ALU_COUT_I1_LUT3_F_I2_MUX2_LUT5_O_I0_LUT4_F_I1_MUX2_LUT8_S0_O[2]' is routed using segments.
Info:     's0.q_LUT3_I1_F_MUX2_LUT5_I0_O[2]' is routed using segments.
Info:     'us.echo_d_LUT4_I3_F_MUX2_LUT5_I1_O' is routed using segments.
Info:     'quiet_btn_LUT2_I1_F[0]' is routed using segments.
Info:     'us.dist2_DFFSE_Q_14_D_LUT2_F_I1_ALU_SUM_CIN_ALU_COUT_CIN_ALU_COUT_CIN_ALU_COUT_CIN_ALU_COUT_CIN_ALU_COUT_CIN_ALU_COUT_CIN_ALU_COUT_CIN_ALU_COUT_I1_LUT3_F_I2_MUX2_LUT5_O_S0_MUX2_LUT5_O_I1_LUT4_F_I3_MUX2_LUT5_S0_O_MUX2_LUT6_I1_O_LUT2_F_I1_LUT4_I0_I3_LUT3_F_I1_LUT4_I0_1_F[3]' is routed using segments.
Info:     'us.dist2_DFFSE_Q_12_D_LUT2_F_I1_ALU_SUM_I1_MUX2_LUT7_O_S0_LUT3_F_I2_LUT3_I2_F_LUT3_I2_F_LUT4_F_1_I2_LUT4_I2_F[3]' is routed using segments.

Info: Routing..
Info: Setting up routing queue.
Info: Routing 11252 arcs.
Info:            |   (re-)routed arcs  |   delta    | remaining|       time spent     |
Info:    IterCnt |  w/ripup   wo/ripup |  w/r  wo/r |      arcs| batch(sec) total(sec)|
Info:       1000 |      164        768 |  164   768 |     10433|       2.09       2.09|
Info:       2000 |      254       1486 |   90   718 |      9537|       0.88       2.96|
Info:       3000 |      345       2225 |   91   739 |      8672|       2.58       5.55|
Info:       4000 |      429       2974 |   84   749 |      7808|       2.62       8.17|
Info:       5000 |      549       3687 |  120   713 |      7015|       2.70      10.87|
Info:       6000 |      671       4410 |  122   723 |      6216|       2.82      13.69|
Info:       7000 |      840       5098 |  169   688 |      5477|       2.71      16.39|
Info:       8000 |     1014       5792 |  174   694 |      4779|       3.05      19.44|
Info:       9000 |     1224       6472 |  210   680 |      4167|       2.82      22.26|
Info:      10000 |     1464       7101 |  240   629 |      3554|       2.79      25.05|
Info:      11000 |     1706       7736 |  242   635 |      2952|       2.80      27.85|
Info:      12000 |     1941       8393 |  235   657 |      2307|       3.35      31.20|
Info:      13000 |     2205       9048 |  264   655 |      1820|       3.05      34.25|
Info:      14000 |     2467       9694 |  262   646 |      1214|       2.95      37.20|
Info:      15000 |     2729      10375 |  262   681 |       698|       3.32      40.52|
Info:      16000 |     3027      11016 |  298   641 |       266|       3.42      43.94|
Info:      16704 |     3288      11428 |  261   412 |         0|       2.82      46.76|
Info: Routing complete.
Info: Router1 time 46.76s
Info: Checksum: 0x37c810b1

Info: Critical path report for clock 'db_m.clk' (posedge -> posedge):
Info:       type curr  total name
Info:   clk-to-q  0.46  0.46 Source pl.baseline_cm_DFFRE_Q_13.Q
Info:    routing  2.18  2.63 Net base_cm[2] (10,17) -> (17,12)
Info:                          Sink lid.over_DFFRE_Q_D_LUT4_F_I2_LUT4_F_I2_ALU_SUM_CIN_ALU_COUT_I1_ALU_SUM_CIN_ALU_COUT_SUM_ALU_SUM_COUT_ALU_CIN_COUT_ALU_CIN_I1_ALU_SUM.I1
Info:                          Defined in:
Info:                               rtl/va_pilink.v:23.53-23.64
Info:      logic  1.04  3.68 Source lid.over_DFFRE_Q_D_LUT4_F_I2_LUT4_F_I2_ALU_SUM_CIN_ALU_COUT_I1_ALU_SUM_CIN_ALU_COUT_SUM_ALU_SUM_COUT_ALU_CIN_COUT_ALU_CIN_I1_ALU_SUM.COUT
Info:    routing  0.00  3.68 Net lid.over_DFFRE_Q_D_LUT4_F_I2_LUT4_F_I2_ALU_SUM_CIN_ALU_COUT_I1_ALU_SUM_CIN_ALU_COUT_SUM_ALU_SUM_COUT_ALU_CIN_COUT_ALU_CIN_I1_ALU_SUM_COUT (17,12) -> (17,12)
Info:                          Sink lid.over_DFFRE_Q_D_LUT4_F_I2_LUT4_F_I2_ALU_SUM_CIN_ALU_COUT_I1_ALU_SUM_CIN_ALU_COUT_SUM_ALU_SUM_COUT_ALU_CIN_COUT_ALU_CIN_I1_ALU_SUM_COUT_ALU_CIN.CIN
Info:                          Defined in:
Info:                               rtl/va_alerts.v:119.64-119.85
Info:                               /home/aman/Desktop/viswakarma/biothon/visiion aid/submission/tools/eda-root/usr/bin/../share/yosys/gowin/arith_map.v:57.7-63.5
Info:                               /home/aman/Desktop/viswakarma/biothon/visiion aid/submission/tools/eda-root/usr/bin/../share/yosys/gowin/cells_sim.v:938.25-938.29
Info:      logic  0.06  3.74 Source lid.over_DFFRE_Q_D_LUT4_F_I2_LUT4_F_I2_ALU_SUM_CIN_ALU_COUT_I1_ALU_SUM_CIN_ALU_COUT_SUM_ALU_SUM_COUT_ALU_CIN_COUT_ALU_CIN_I1_ALU_SUM_COUT_ALU_CIN.COUT
Info:    routing  0.00  3.74 Net lid.over_DFFRE_Q_D_LUT4_F_I2_LUT4_F_I2_ALU_SUM_CIN_ALU_COUT_I1_ALU_SUM_CIN_ALU_COUT_SUM_ALU_SUM_COUT_ALU_CIN_COUT_ALU_CIN_I1_ALU_SUM_COUT_ALU_CIN_COUT (17,12) -> (17,12)
Info:                          Sink lid.over_DFFRE_Q_D_LUT4_F_I2_LUT4_F_I2_ALU_SUM_CIN_ALU_COUT_I1_ALU_SUM_CIN_ALU_COUT_SUM_ALU_SUM_COUT_ALU_CIN_COUT_ALU_CIN_I1_ALU_SUM_COUT_ALU_CIN_COUT_ALU_CIN.CIN
Info:                          Defined in:
Info:                               rtl/va_alerts.v:119.64-119.85
Info:                               /home/aman/Desktop/viswakarma/biothon/visiion aid/submission/tools/eda-root/usr/bin/../share/yosys/gowin/arith_map.v:57.7-63.5
Info:                               /home/aman/Desktop/viswakarma/biothon/visiion aid/submission/tools/eda-root/usr/bin/../share/yosys/gowin/cells_sim.v:938.25-938.29
Info:      logic  0.06  3.79 Source lid.over_DFFRE_Q_D_LUT4_F_I2_LUT4_F_I2_ALU_SUM_CIN_ALU_COUT_I1_ALU_SUM_CIN_ALU_COUT_SUM_ALU_SUM_COUT_ALU_CIN_COUT_ALU_CIN_I1_ALU_SUM_COUT_ALU_CIN_COUT_ALU_CIN.COUT
Info:    routing  0.00  3.79 Net lid.over_DFFRE_Q_D_LUT4_F_I2_LUT4_F_I2_ALU_SUM_CIN_ALU_COUT_I1_ALU_SUM_CIN_ALU_COUT_SUM_ALU_SUM_COUT_ALU_CIN_COUT_ALU_CIN_I1_ALU_SUM_COUT_ALU_CIN_COUT_ALU_CIN_COUT (17,12) -> (18,12)
Info:                          Sink lid.over_DFFRE_Q_D_LUT4_F_I2_LUT4_F_I2_ALU_SUM_CIN_ALU_COUT_I1_ALU_SUM_CIN_ALU_COUT_SUM_ALU_SUM_COUT_ALU_CIN_COUT_ALU_CIN_I1_ALU_SUM_COUT_ALU_CIN_COUT_ALU_CIN_COUT_ALU_CIN.CIN
Info:                          Defined in:
Info:                               rtl/va_alerts.v:119.64-119.85
Info:                               /home/aman/Desktop/viswakarma/biothon/visiion aid/submission/tools/eda-root/usr/bin/../share/yosys/gowin/arith_map.v:57.7-63.5
Info:                               /home/aman/Desktop/viswakarma/biothon/visiion aid/submission/tools/eda-root/usr/bin/../share/yosys/gowin/cells_sim.v:938.25-938.29
Info:      logic  0.06  3.85 Source lid.over_DFFRE_Q_D_LUT4_F_I2_LUT4_F_I2_ALU_SUM_CIN_ALU_COUT_I1_ALU_SUM_CIN_ALU_COUT_SUM_ALU_SUM_COUT_ALU_CIN_COUT_ALU_CIN_I1_ALU_SUM_COUT_ALU_CIN_COUT_ALU_CIN_COUT_ALU_CIN.COUT
Info:    routing  0.00  3.85 Net lid.over_DFFRE_Q_D_LUT4_F_I2_LUT4_F_I2_ALU_SUM_CIN_ALU_COUT_I1_ALU_SUM_CIN_ALU_COUT_SUM_ALU_SUM_COUT_ALU_CIN_COUT_ALU_CIN_I1_ALU_SUM_COUT_ALU_CIN_COUT_ALU_CIN_COUT_ALU_CIN_COUT (18,12) -> (18,12)
Info:                          Sink lid.over_DFFRE_Q_D_LUT4_F_I2_LUT4_F_I2_ALU_SUM_CIN_ALU_COUT_I1_ALU_SUM_CIN_ALU_COUT_SUM_ALU_SUM_COUT_ALU_CIN_COUT_ALU_CIN_COUT_ALU_CIN_COUT_ALU_CIN_I1_LUT2_I1_F_ALU_SUM.CIN
Info:                          Defined in:
Info:                               rtl/va_alerts.v:119.64-119.85
Info:                               /home/aman/Desktop/viswakarma/biothon/visiion aid/submission/tools/eda-root/usr/bin/../share/yosys/gowin/arith_map.v:57.7-63.5
Info:                               /home/aman/Desktop/viswakarma/biothon/visiion aid/submission/tools/eda-root/usr/bin/../share/yosys/gowin/cells_sim.v:938.25-938.29
Info:      logic  0.06  3.91 Source lid.over_DFFRE_Q_D_LUT4_F_I2_LUT4_F_I2_ALU_SUM_CIN_ALU_COUT_I1_ALU_SUM_CIN_ALU_COUT_SUM_ALU_SUM_COUT_ALU_CIN_COUT_ALU_CIN_COUT_ALU_CIN_COUT_ALU_CIN_I1_LUT2_I1_F_ALU_SUM.COUT
Info:    routing  0.00  3.91 Net lid.over_DFFRE_Q_D_LUT4_F_I2_LUT4_F_I2_ALU_SUM_CIN_ALU_COUT_I1_ALU_SUM_CIN_ALU_COUT_SUM_ALU_SUM_COUT_ALU_CIN_COUT_ALU_CIN_COUT_ALU_CIN_COUT_ALU_CIN_I1_LUT2_I1_F_ALU_SUM_COUT (18,12) -> (18,12)
Info:                          Sink lid.over_DFFRE_Q_D_LUT4_F_I2_LUT4_F_I2_ALU_SUM_CIN_ALU_COUT_I1_ALU_SUM_CIN_ALU_COUT_CIN_ALU_COUT_SUM_ALU_SUM_CIN_ALU_COUT_CIN_ALU_COUT_CIN_ALU_COUT_CIN_ALU_COUT_CIN_ALU_COUT.CIN
Info:                          Defined in:
Info:                               rtl/va_alerts.v:119.64-119.85
Info:                               /home/aman/Desktop/viswakarma/biothon/visiion aid/submission/tools/eda-root/usr/bin/../share/yosys/gowin/arith_map.v:57.7-63.5
Info:                               /home/aman/Desktop/viswakarma/biothon/visiion aid/submission/tools/eda-root/usr/bin/../share/yosys/gowin/cells_sim.v:938.25-938.29
Info:      logic  0.06  3.96 Source lid.over_DFFRE_Q_D_LUT4_F_I2_LUT4_F_I2_ALU_SUM_CIN_ALU_COUT_I1_ALU_SUM_CIN_ALU_COUT_CIN_ALU_COUT_SUM_ALU_SUM_CIN_ALU_COUT_CIN_ALU_COUT_CIN_ALU_COUT_CIN_ALU_COUT_CIN_ALU_COUT.COUT
Info:    routing  0.00  3.96 Net lid.over_DFFRE_Q_D_LUT4_F_I2_LUT4_F_I2_ALU_SUM_CIN_ALU_COUT_I1_ALU_SUM_CIN_ALU_COUT_CIN_ALU_COUT_SUM_ALU_SUM_CIN_ALU_COUT_CIN_ALU_COUT_CIN_ALU_COUT_CIN_ALU_COUT_CIN (18,12) -> (18,12)
Info:                          Sink lid.over_DFFRE_Q_D_LUT4_F_I2_LUT4_F_I2_ALU_SUM_CIN_ALU_COUT_I1_ALU_SUM_CIN_ALU_COUT_CIN_ALU_COUT_SUM_ALU_SUM_CIN_ALU_COUT_CIN_ALU_COUT_CIN_ALU_COUT_CIN_ALU_COUT.CIN
Info:                          Defined in:
Info:                               rtl/va_alerts.v:119.64-119.85
Info:                               /home/aman/Desktop/viswakarma/biothon/visiion aid/submission/tools/eda-root/usr/bin/../share/yosys/gowin/arith_map.v:57.7-63.5
Info:                               /home/aman/Desktop/viswakarma/biothon/visiion aid/submission/tools/eda-root/usr/bin/../share/yosys/gowin/cells_sim.v:938.25-938.29
Info:      logic  0.06  4.02 Source lid.over_DFFRE_Q_D_LUT4_F_I2_LUT4_F_I2_ALU_SUM_CIN_ALU_COUT_I1_ALU_SUM_CIN_ALU_COUT_CIN_ALU_COUT_SUM_ALU_SUM_CIN_ALU_COUT_CIN_ALU_COUT_CIN_ALU_COUT_CIN_ALU_COUT.COUT
Info:    routing  0.00  4.02 Net lid.over_DFFRE_Q_D_LUT4_F_I2_LUT4_F_I2_ALU_SUM_CIN_ALU_COUT_I1_ALU_SUM_CIN_ALU_COUT_CIN_ALU_COUT_SUM_ALU_SUM_CIN_ALU_COUT_CIN_ALU_COUT_CIN_ALU_COUT_CIN (18,12) -> (18,12)
Info:                          Sink lid.over_DFFRE_Q_D_LUT4_F_I2_LUT4_F_I2_ALU_SUM_CIN_ALU_COUT_I1_ALU_SUM_CIN_ALU_COUT_CIN_ALU_COUT_SUM_ALU_SUM_CIN_ALU_COUT_CIN_ALU_COUT_CIN_ALU_COUT.CIN
Info:                          Defined in:
Info:                               rtl/va_alerts.v:119.64-119.85
Info:                               /home/aman/Desktop/viswakarma/biothon/visiion aid/submission/tools/eda-root/usr/bin/../share/yosys/gowin/arith_map.v:57.7-63.5
Info:                               /home/aman/Desktop/viswakarma/biothon/visiion aid/submission/tools/eda-root/usr/bin/../share/yosys/gowin/cells_sim.v:938.25-938.29
Info:      logic  0.06  4.08 Source lid.over_DFFRE_Q_D_LUT4_F_I2_LUT4_F_I2_ALU_SUM_CIN_ALU_COUT_I1_ALU_SUM_CIN_ALU_COUT_CIN_ALU_COUT_SUM_ALU_SUM_CIN_ALU_COUT_CIN_ALU_COUT_CIN_ALU_COUT.COUT
Info:    routing  0.00  4.08 Net lid.over_DFFRE_Q_D_LUT4_F_I2_LUT4_F_I2_ALU_SUM_CIN_ALU_COUT_I1_ALU_SUM_CIN_ALU_COUT_CIN_ALU_COUT_SUM_ALU_SUM_CIN_ALU_COUT_CIN_ALU_COUT_CIN (18,12) -> (18,12)
Info:                          Sink lid.over_DFFRE_Q_D_LUT4_F_I2_LUT4_F_I2_ALU_SUM_CIN_ALU_COUT_I1_ALU_SUM_CIN_ALU_COUT_CIN_ALU_COUT_SUM_ALU_SUM_CIN_ALU_COUT_CIN_ALU_COUT.CIN
Info:                          Defined in:
Info:                               rtl/va_alerts.v:119.64-119.85
Info:                               /home/aman/Desktop/viswakarma/biothon/visiion aid/submission/tools/eda-root/usr/bin/../share/yosys/gowin/arith_map.v:57.7-63.5
Info:                               /home/aman/Desktop/viswakarma/biothon/visiion aid/submission/tools/eda-root/usr/bin/../share/yosys/gowin/cells_sim.v:938.25-938.29
Info:      logic  0.06  4.14 Source lid.over_DFFRE_Q_D_LUT4_F_I2_LUT4_F_I2_ALU_SUM_CIN_ALU_COUT_I1_ALU_SUM_CIN_ALU_COUT_CIN_ALU_COUT_SUM_ALU_SUM_CIN_ALU_COUT_CIN_ALU_COUT.COUT
Info:    routing  0.00  4.14 Net lid.over_DFFRE_Q_D_LUT4_F_I2_LUT4_F_I2_ALU_SUM_CIN_ALU_COUT_I1_ALU_SUM_CIN_ALU_COUT_CIN_ALU_COUT_SUM_ALU_SUM_CIN_ALU_COUT_CIN (18,12) -> (19,12)
Info:                          Sink lid.over_DFFRE_Q_D_LUT4_F_I2_LUT4_F_I2_ALU_SUM_CIN_ALU_COUT_I1_ALU_SUM_CIN_ALU_COUT_CIN_ALU_COUT_SUM_ALU_SUM_CIN_ALU_COUT.CIN
Info:                          Defined in:
Info:                               rtl/va_alerts.v:119.64-119.85
Info:                               /home/aman/Desktop/viswakarma/biothon/visiion aid/submission/tools/eda-root/usr/bin/../share/yosys/gowin/arith_map.v:57.7-63.5
Info:                               /home/aman/Desktop/viswakarma/biothon/visiion aid/submission/tools/eda-root/usr/bin/../share/yosys/gowin/cells_sim.v:938.25-938.29
Info:      logic  0.56  4.70 Source lid.over_DFFRE_Q_D_LUT4_F_I2_LUT4_F_I2_ALU_SUM_CIN_ALU_COUT_I1_ALU_SUM_CIN_ALU_COUT_CIN_ALU_COUT_SUM_ALU_SUM_CIN_ALU_COUT.SUM
Info:    routing  0.89  5.59 Net lid.over_DFFRE_Q_D_LUT4_F_I2_LUT4_F_I2_ALU_SUM_CIN_ALU_COUT_I1_ALU_SUM_CIN_ALU_COUT_CIN_ALU_COUT_SUM_ALU_SUM_CIN_ALU_COUT_SUM[1] (19,12) -> (19,13)
Info:                          Sink lid.over_DFFRE_Q_D_LUT4_F_I2_LUT4_F_I2_ALU_SUM_CIN_ALU_COUT_CIN_ALU_COUT_CIN_ALU_COUT_CIN_ALU_COUT_CIN_ALU_COUT_CIN_ALU_COUT.I1
Info:                          Defined in:
Info:                               /home/aman/Desktop/viswakarma/biothon/visiion aid/submission/tools/eda-root/usr/bin/../share/yosys/gowin/cells_map.v:130.20-130.21
Info:      logic  1.04  6.63 Source lid.over_DFFRE_Q_D_LUT4_F_I2_LUT4_F_I2_ALU_SUM_CIN_ALU_COUT_CIN_ALU_COUT_CIN_ALU_COUT_CIN_ALU_COUT_CIN_ALU_COUT_CIN_ALU_COUT.COUT
Info:    routing  0.00  6.63 Net lid.over_DFFRE_Q_D_LUT4_F_I2_LUT4_F_I2_ALU_SUM_CIN_ALU_COUT_CIN_ALU_COUT_CIN_ALU_COUT_CIN_ALU_COUT_CIN_ALU_COUT_CIN (19,13) -> (19,13)
Info:                          Sink lid.over_DFFRE_Q_D_LUT4_F_I2_LUT4_F_I2_ALU_SUM_CIN_ALU_COUT_CIN_ALU_COUT_CIN_ALU_COUT_CIN_ALU_COUT_CIN_ALU_COUT.CIN
Info:                          Defined in:
Info:                               rtl/va_alerts.v:119.49-119.85
Info:                               /home/aman/Desktop/viswakarma/biothon/visiion aid/submission/tools/eda-root/usr/bin/../share/yosys/gowin/arith_map.v:57.7-63.5
Info:                               /home/aman/Desktop/viswakarma/biothon/visiion aid/submission/tools/eda-root/usr/bin/../share/yosys/gowin/cells_sim.v:938.25-938.29
Info:      logic  0.06  6.69 Source lid.over_DFFRE_Q_D_LUT4_F_I2_LUT4_F_I2_ALU_SUM_CIN_ALU_COUT_CIN_ALU_COUT_CIN_ALU_COUT_CIN_ALU_COUT_CIN_ALU_COUT.COUT
Info:    routing  0.00  6.69 Net lid.over_DFFRE_Q_D_LUT4_F_I2_LUT4_F_I2_ALU_SUM_CIN_ALU_COUT_CIN_ALU_COUT_CIN_ALU_COUT_CIN_ALU_COUT_CIN (19,13) -> (19,13)
Info:                          Sink lid.over_DFFRE_Q_D_LUT4_F_I2_LUT4_F_I2_ALU_SUM_CIN_ALU_COUT_CIN_ALU_COUT_CIN_ALU_COUT_CIN_ALU_COUT.CIN
Info:                          Defined in:
Info:                               rtl/va_alerts.v:119.49-119.85
Info:                               /home/aman/Desktop/viswakarma/biothon/visiion aid/submission/tools/eda-root/usr/bin/../share/yosys/gowin/arith_map.v:57.7-63.5
Info:                               /home/aman/Desktop/viswakarma/biothon/visiion aid/submission/tools/eda-root/usr/bin/../share/yosys/gowin/cells_sim.v:938.25-938.29
Info:      logic  0.06  6.75 Source lid.over_DFFRE_Q_D_LUT4_F_I2_LUT4_F_I2_ALU_SUM_CIN_ALU_COUT_CIN_ALU_COUT_CIN_ALU_COUT_CIN_ALU_COUT.COUT
Info:    routing  0.00  6.75 Net lid.over_DFFRE_Q_D_LUT4_F_I2_LUT4_F_I2_ALU_SUM_CIN_ALU_COUT_CIN_ALU_COUT_CIN_ALU_COUT_CIN (19,13) -> (19,13)
Info:                          Sink lid.over_DFFRE_Q_D_LUT4_F_I2_LUT4_F_I2_ALU_SUM_CIN_ALU_COUT_CIN_ALU_COUT_CIN_ALU_COUT.CIN
Info:                          Defined in:
Info:                               rtl/va_alerts.v:119.49-119.85
Info:                               /home/aman/Desktop/viswakarma/biothon/visiion aid/submission/tools/eda-root/usr/bin/../share/yosys/gowin/arith_map.v:57.7-63.5
Info:                               /home/aman/Desktop/viswakarma/biothon/visiion aid/submission/tools/eda-root/usr/bin/../share/yosys/gowin/cells_sim.v:938.25-938.29
Info:      logic  0.06  6.80 Source lid.over_DFFRE_Q_D_LUT4_F_I2_LUT4_F_I2_ALU_SUM_CIN_ALU_COUT_CIN_ALU_COUT_CIN_ALU_COUT.COUT
Info:    routing  0.00  6.80 Net lid.over_DFFRE_Q_D_LUT4_F_I2_LUT4_F_I2_ALU_SUM_CIN_ALU_COUT_CIN_ALU_COUT_CIN (19,13) -> (19,13)
Info:                          Sink lid.over_DFFRE_Q_D_LUT4_F_I2_LUT4_F_I2_ALU_SUM_CIN_ALU_COUT_CIN_ALU_COUT.CIN
Info:                          Defined in:
Info:                               rtl/va_alerts.v:119.49-119.85
Info:                               /home/aman/Desktop/viswakarma/biothon/visiion aid/submission/tools/eda-root/usr/bin/../share/yosys/gowin/arith_map.v:57.7-63.5
Info:                               /home/aman/Desktop/viswakarma/biothon/visiion aid/submission/tools/eda-root/usr/bin/../share/yosys/gowin/cells_sim.v:938.25-938.29
Info:      logic  0.06  6.86 Source lid.over_DFFRE_Q_D_LUT4_F_I2_LUT4_F_I2_ALU_SUM_CIN_ALU_COUT_CIN_ALU_COUT.COUT
Info:    routing  0.00  6.86 Net lid.over_DFFRE_Q_D_LUT4_F_I2_LUT4_F_I2_ALU_SUM_CIN_ALU_COUT_CIN (19,13) -> (19,13)
Info:                          Sink lid.over_DFFRE_Q_D_LUT4_F_I2_LUT4_F_I2_ALU_SUM_CIN_ALU_COUT.CIN
Info:                          Defined in:
Info:                               rtl/va_alerts.v:119.49-119.85
Info:                               /home/aman/Desktop/viswakarma/biothon/visiion aid/submission/tools/eda-root/usr/bin/../share/yosys/gowin/arith_map.v:57.7-63.5
Info:                               /home/aman/Desktop/viswakarma/biothon/visiion aid/submission/tools/eda-root/usr/bin/../share/yosys/gowin/cells_sim.v:938.25-938.29
Info:      logic  0.06  6.92 Source lid.over_DFFRE_Q_D_LUT4_F_I2_LUT4_F_I2_ALU_SUM_CIN_ALU_COUT.COUT
Info:    routing  0.00  6.92 Net lid.over_DFFRE_Q_D_LUT4_F_I2_LUT4_F_I2_ALU_SUM_CIN (19,13) -> (20,13)
Info:                          Sink lid.over_DFFRE_Q_D_LUT4_F_I2_LUT4_F_I2_ALU_SUM.CIN
Info:                          Defined in:
Info:                               rtl/va_alerts.v:119.49-119.85
Info:                               /home/aman/Desktop/viswakarma/biothon/visiion aid/submission/tools/eda-root/usr/bin/../share/yosys/gowin/arith_map.v:57.7-63.5
Info:                               /home/aman/Desktop/viswakarma/biothon/visiion aid/submission/tools/eda-root/usr/bin/../share/yosys/gowin/cells_sim.v:938.25-938.29
Info:      logic  0.56  7.48 Source lid.over_DFFRE_Q_D_LUT4_F_I2_LUT4_F_I2_ALU_SUM.SUM
Info:    routing  1.45  8.93 Net lid.over_DFFRE_Q_D_LUT4_F_I2_LUT4_F_I2[3] (20,13) -> (16,11)
Info:                          Sink lid.over_DFFRE_Q_D_LUT4_F_I2_LUT4_F.I3
Info:                          Defined in:
Info:                               /home/aman/Desktop/viswakarma/biothon/visiion aid/submission/tools/eda-root/usr/bin/../share/yosys/gowin/cells_map.v:130.20-130.21
Info:      logic  0.62  9.55 Source lid.over_DFFRE_Q_D_LUT4_F_I2_LUT4_F.F
Info:    routing  2.01  11.57 Net lid.hold_DFFR_Q_10_D_MUX2_LUT6_O_I0_MUX2_LUT5_O_S0[3] (16,11) -> (13,6)
Info:                          Sink lid.over_DFFRE_Q_CE_MUX2_LUT5_O_I0_LUT4_F.I3
Info:                          Defined in:
Info:                               /home/aman/Desktop/viswakarma/biothon/visiion aid/submission/tools/eda-root/usr/bin/../share/yosys/gowin/cells_map.v:130.20-130.21
Info:      logic  0.62  12.19 Source lid.over_DFFRE_Q_CE_MUX2_LUT5_O_I0_LUT4_F.F
Info:    routing  0.00  12.19 Net lid.over_DFFRE_Q_CE_MUX2_LUT5_O_I0 (13,6) -> (13,6)
Info:                          Sink lid.over_DFFRE_Q_CE_MUX2_LUT5_O.I0
Info:                          Defined in:
Info:                               /home/aman/Desktop/viswakarma/biothon/visiion aid/submission/tools/eda-root/usr/bin/../share/yosys/gowin/cells_map.v:151.9-151.11
Info:      logic  0.47  12.66 Source lid.over_DFFRE_Q_CE_MUX2_LUT5_O.O
Info:    routing  2.01  14.68 Net lid.over_DFFRE_Q_CE (13,6) -> (13,6)
Info:                          Sink lid.over_DFFRE_Q_1.CE
Info:      setup  0.04  14.72 Source lid.over_DFFRE_Q_1.CE
Info: 6.18 ns logic, 8.54 ns routing

Info: Max frequency for clock 'db_m.clk': 67.93 MHz (PASS at 27.00 MHz)

Info: Slack histogram:
Info:  legend: * represents 3 endpoint(s)
Info:          + represents [1,3) endpoint(s)
Info: [ 22317,  22988) |+
Info: [ 22988,  23659) | 
Info: [ 23659,  24330) |+
Info: [ 24330,  25001) |+
Info: [ 25001,  25672) |*+
Info: [ 25672,  26343) |**+
Info: [ 26343,  27014) |**+
Info: [ 27014,  27685) |+
Info: [ 27685,  28356) |+
Info: [ 28356,  29027) |***+
Info: [ 29027,  29698) |+
Info: [ 29698,  30369) |***+
Info: [ 30369,  31040) |***+
Info: [ 31040,  31711) |****+
Info: [ 31711,  32382) |***********+
Info: [ 32382,  33053) |****************+
Info: [ 33053,  33724) |*****************************************+
Info: [ 33724,  34395) |************************************************************ 
Info: [ 34395,  35066) |********************************+
Info: [ 35066,  35737) |********************+

Info: Program finished normally.
